// Jest Snapshot v1, https://goo.gl/fbAQLP

exports[`ComponentStatus test ComponentStatus snap 1`] = `
<div>
  hello
</div>
`;
