// Jest Snapshot v1, https://goo.gl/fbAQLP

exports[`ComponentState test 1`] = `<div />`;

exports[`ComponentState test 2`] = `
<div>
  hello monkey
</div>
`;
