// Jest Snapshot v1, https://goo.gl/fbAQLP

exports[`ComponentHoc test ComponentHoc test 1`] = `
<div>
  hello world
</div>
`;
